[debug] [2024-09-25T04:11:40.297Z] ----------------------------------------------------------------------
[debug] [2024-09-25T04:11:40.299Z] Command:       /opt/homebrew/Cellar/node/22.4.1/bin/node /opt/homebrew/bin/firebase deploy
[debug] [2024-09-25T04:11:40.299Z] CLI Version:   13.19.0
[debug] [2024-09-25T04:11:40.299Z] Platform:      darwin
[debug] [2024-09-25T04:11:40.300Z] Node Version:  v22.4.1
[debug] [2024-09-25T04:11:40.300Z] Time:          Wed Sep 25 2024 01:11:40 GMT-0300 (Brasilia Standard Time)
[debug] [2024-09-25T04:11:40.300Z] ----------------------------------------------------------------------
[debug] 
[debug] [2024-09-25T04:11:40.340Z] > command requires scopes: ["email","openid","https://www.googleapis.com/auth/cloudplatformprojects.readonly","https://www.googleapis.com/auth/firebase","https://www.googleapis.com/auth/cloud-platform"]
[debug] [2024-09-25T04:11:40.340Z] > authorizing via signed-in user (pamella.gaiguer@gmail.com)
[debug] [2024-09-25T04:11:40.341Z] [iam] checking project dev-colegioienec for permissions ["firebase.projects.get","firebasehosting.sites.update"]
[debug] [2024-09-25T04:11:40.341Z] > refreshing access token with scopes: []
[debug] [2024-09-25T04:11:40.342Z] >>> [apiv2][query] POST https://www.googleapis.com/oauth2/v3/token [none]
[debug] [2024-09-25T04:11:40.342Z] >>> [apiv2][body] POST https://www.googleapis.com/oauth2/v3/token [omitted]
[debug] [2024-09-25T04:11:40.516Z] <<< [apiv2][status] POST https://www.googleapis.com/oauth2/v3/token 400
[debug] [2024-09-25T04:11:40.516Z] <<< [apiv2][body] POST https://www.googleapis.com/oauth2/v3/token [omitted]
[debug] [2024-09-25T04:11:40.517Z] >>> [apiv2][query] POST https://cloudresourcemanager.googleapis.com/v1/projects/dev-colegioienec:testIamPermissions [none]
[debug] [2024-09-25T04:11:40.517Z] >>> [apiv2][(partial)header] POST https://cloudresourcemanager.googleapis.com/v1/projects/dev-colegioienec:testIamPermissions x-goog-quota-user=projects/dev-colegioienec
[debug] [2024-09-25T04:11:40.517Z] >>> [apiv2][body] POST https://cloudresourcemanager.googleapis.com/v1/projects/dev-colegioienec:testIamPermissions {"permissions":["firebase.projects.get","firebasehosting.sites.update"]}
[debug] [2024-09-25T04:11:41.361Z] <<< [apiv2][status] POST https://cloudresourcemanager.googleapis.com/v1/projects/dev-colegioienec:testIamPermissions 401
[debug] [2024-09-25T04:11:41.362Z] <<< [apiv2][body] POST https://cloudresourcemanager.googleapis.com/v1/projects/dev-colegioienec:testIamPermissions {"error":{"code":401,"message":"Request had invalid authentication credentials. Expected OAuth 2 access token, login cookie or other valid authentication credential. See https://developers.google.com/identity/sign-in/web/devconsole-project.","status":"UNAUTHENTICATED","details":[{"@type":"type.googleapis.com/google.rpc.ErrorInfo","reason":"ACCESS_TOKEN_TYPE_UNSUPPORTED","metadata":{"method":"google.cloudresourcemanager.v1.Projects.TestIamPermissions","service":"cloudresourcemanager.googleapis.com"}}]}}
[debug] [2024-09-25T04:11:41.363Z] [iam] error while checking permissions, command may fail: FirebaseError: HTTP Error: 401, Request had invalid authentication credentials. Expected OAuth 2 access token, login cookie or other valid authentication credential. See https://developers.google.com/identity/sign-in/web/devconsole-project.
[debug] [2024-09-25T04:11:41.364Z] > refreshing access token with scopes: []
[debug] [2024-09-25T04:11:41.365Z] >>> [apiv2][query] POST https://www.googleapis.com/oauth2/v3/token [none]
[debug] [2024-09-25T04:11:41.365Z] >>> [apiv2][body] POST https://www.googleapis.com/oauth2/v3/token [omitted]
[debug] [2024-09-25T04:11:41.447Z] <<< [apiv2][status] POST https://www.googleapis.com/oauth2/v3/token 400
[debug] [2024-09-25T04:11:41.448Z] <<< [apiv2][body] POST https://www.googleapis.com/oauth2/v3/token [omitted]
[debug] [2024-09-25T04:11:41.448Z] >>> [apiv2][query] GET https://firebase.googleapis.com/v1beta1/projects/dev-colegioienec [none]
[debug] [2024-09-25T04:11:41.602Z] <<< [apiv2][status] GET https://firebase.googleapis.com/v1beta1/projects/dev-colegioienec 401
[debug] [2024-09-25T04:11:41.602Z] <<< [apiv2][body] GET https://firebase.googleapis.com/v1beta1/projects/dev-colegioienec {"error":{"code":401,"message":"Request had invalid authentication credentials. Expected OAuth 2 access token, login cookie or other valid authentication credential. See https://developers.google.com/identity/sign-in/web/devconsole-project.","status":"UNAUTHENTICATED"}}
[debug] [2024-09-25T04:11:41.603Z] HTTP Error: 401, Request had invalid authentication credentials. Expected OAuth 2 access token, login cookie or other valid authentication credential. See https://developers.google.com/identity/sign-in/web/devconsole-project.
[error] 
[error] Error: Assertion failed: resolving hosting target of a site with no site name or target name. This should have caused an error earlier
